---
source: crates/saya-cli/src/interactive/tui/ui_snapshot_tests.rs
expression: buffer
---
"· memory supplied · 2 claims (1 unconfirmed)                                    "
"·   catalog.public.orders  [current]  (profile: analytics)                      "
"·     ki-abc…  table_alias  orders  confirmed                                   "
"·     ki-bbb…  default_time_column  created_at  col:created_at  candidate       "
"· (unconfirmed)                                                                 "
"                                                                                "
"◆ The orders table uses created_at as its time column.                          "
"                                                                                "
"                                                                                "
"                                                                                "
"                                                                                "
"                                                                                "
"                                                                                "
"                                                                                "
"                                                                                "
"                                                                                "
"                                                                                "
"                                                                                "
"                                                                                "
"                                                                                "
" [analytics] ollama/qwen approval:read-only privacy:on  ·  ? for help           "
"╭ saya ────────────────────────────────────────────────────────────────────────╮"
"│Ask about your data, or type / for commands                                   │"
"╰──────────────────────────────────────────────────────────────────────────────╯"
