---
source: crates/saya-cli/src/interactive/tui/ui_snapshot_tests.rs
expression: buffer
---
"saya · Database read-only · Workspace /home/user/proj · Data sharing on         "
"                                     ◆ saya                                     "
"                      Ask your databases in plain language.                     "
"                                                                                "
" [analytics] ollama/qwen approval:read-only mode:build ws:/home/user/proj host:o"
"╭ approval required ───────────────────────────────────────────────────────────╮"
"│http_fetch — external fetch                                                   │"
"│  url: https://api.github.com/repos/x/y                                       │"
"│  destination a session grant would record: fetch:https+api.github.com        │"
"│  https only · private, loopback, and link-local addresses are refused        │"
"│  the body arrives as an escaped, labelled untrusted block — never raw bytes  │"
"│into context                                                                  │"
"│  bounds: body ≤ 61440 bytes · 30s wall clock · ≤ 5 redirects                 │"
"│  [s] covers https on api.github.com, any path, for this session — not just   │"
"│this URL                                                                      │"
"│                                                                              │"
"│[a] allow once   [s] allow fetch:https+api.github.com for this session   [d]  │"
"│deny                                                                          │"
"│                                                                              │"
"│                                                                              │"
"╰──────────────────────────────────────────────────────────────────────────────╯"
"╭ saya ────────────────────────────────────────────────────────────────────────╮"
"│Ask about your data, or type / for commands                                   │"
"╰ Enter sends ─────────────────────────────────────────────────────────────────╯"
