---
source: crates/saya-cli/src/interactive/tui/ui_snapshot_tests.rs
expression: buffer
---
"▎   select order_id, customer_id, placed_at, fulfilled_at, shipped_at, total_amount, tax_amount, di║"
"▎ count_amount, currency, status, region, country, city, postal_code, carrier, tracking_number     █"
"▎   from catalog.public.orders                                                                     █"
"▎   where placed_at >= '2024-01-01' and status in ('fulfilled','shipped','delivered') and total_amo█"
"▎ nt > 100 and region in ('north','south','east','west','central','pacific','mountain') and currenc█"
"▎  = 'USD' and carrier is not null                                                                 █"
"▎   order by placed_at desc, total_amount desc                                                     █"
"▎   limit 50                                                                                       █"
"▎ ✓ bounded_sql_query: 50 rows                                                                     █"
"▎ SQL · @analytics                                                                                 █"
"▎   select customer_id, count(*) as orders, sum(total_amount) as spend, avg(total_amount) as avg_or█"
"▎ er, max(placed_at) as last_order                                                                 █"
"▎   from catalog.public.orders                                                                     █"
"▎   where placed_at >= '2024-01-01' and status in ('fulfilled','shipped','delivered')              █"
"▎   group by customer_id                                                                           ║"
"▎   having count(*) > 1                                                                            ║"
"▎   order by spend desc                                                                            ║"
"▎   limit 25                                                                                       ║"
"▎ ✓ bounded_sql_query: 25 rows                                                                     ║"
"                                                                                                   ║"
"▎ Here are the fulfilled orders and the top spenders over 100 USD.                                 ║"
"▎ memory supplied · 1 claim                                                                        ║"
"▎   catalog.public.customer_notes  [current]  (profile: analytics)                                 ║"
"▎     ki-lon…  table_description  Free-text notes captured by support agents during customer intera║"
"▎ tions including follow-up reminders, escalation flags, and the internal handling summary used by ║"
"▎ he tier-two team when triaging escalations, plus the resolved-action log  confirmed              ║"
" [analytics] ollama/qwen approval:read-only privacy:on  ·  ? for help                               "
"╭ saya ────────────────────────────────────────────────────────────────────────────────────────────╮"
"│Ask about your data, or type / for commands                                                       │"
"╰──────────────────────────────────────────────────────────────────────────────────────────────────╯"
