---
source: crates/saya-cli/src/interactive/tui/ui_snapshot_tests.rs
expression: buffer
---
"▎ Done — I've recorded what you told me and flagged the guess.                  "
"▎ memory learned · the alias "orders" for catalog.public.orders                 "
"▎ memory noted · created_at as the default time column for catalog.public.orders"
"▎  — unconfirmed, review with /queue                                            "
"                                                                                "
"                                                                                "
"                                                                                "
"                                                                                "
"                                                                                "
"                                                                                "
"                                                                                "
"                                                                                "
"                                                                                "
"                                                                                "
"                                                                                "
"                                                                                "
"                                                                                "
"                                                                                "
"                                                                                "
"                                                                                "
" [analytics] ollama/qwen approval:read-only privacy:on  ·  ? for help           "
"╭ saya ────────────────────────────────────────────────────────────────────────╮"
"│Ask about your data, or type / for commands                                   │"
"╰──────────────────────────────────────────────────────────────────────────────╯"
