---
source: crates/saya-cli/src/interactive/tui/run_panel_snapshot_tests.rs
assertion_line: 251
expression: buffer
---
"❯ count the orders                                                                                  "
"◆ The orders table holds 128 rows in catalog.public.orders.                                         "
"                                                                                                    "
"                                                                                                    "
"                                                                                                    "
"                                                                                                    "
"                                                                                                    "
"                                                                                                    "
"                                                                                                    "
"                                                                                                    "
"                                                                                                    "
"                                                                                                    "
"                                                                                                    "
"                                                                                                    "
"                                                                                                    "
"                                                                                                    "
"╭ run r-snap-4 · audit the ledger ─────────────────────────────────────────────────────────────────╮"
"│✓ 1. pull the ledger 6s                                                                           │"
"│✗ 2. reconcile the totals 2s                                                                      │"
"│                                                                                                  │"
"│run failed: the provider or agent layer failed · Esc closes                                       │"
"│◆ The ledger pull stopped mid-way.                                                                │"
"│                                                                                                  │"
"│                                                                                                  │"
"│                                                                                                  │"
"╰──────────────────────────────────────────────────────────────────────────────────────────────────╯"
" [analytics] ollama/qwen approval:read-only mode:build ws:/home/user/proj host:off sharing:on  ·  ? "
"╭ saya ────────────────────────────────────────────────────────────────────────────────────────────╮"
"│Ask about your data, or type / for commands                                                       │"
"╰──────────────────────────────────────────────────────────────────────────────────────────────────╯"
