---
source: crates/saya-cli/src/interactive/tui/ui_snapshot_tests.rs
expression: buffer
---
"saya · Database read-only · Workspace /home/user/proj · Data sharing on         "
"SAYA                                                                            "
"  Done — I've recorded what you told me and flagged the guess.                  "
"· memory learned · the alias "orders" for catalog.public.orders                 "
"· memory noted · created_at as the default time column for                      "
"· catalog.public.orders — unconfirmed, review with /queue                       "
"                                                                                "
"                                                                                "
"                                                                                "
"                                                                                "
"                                                                                "
"                                                                                "
"                                                                                "
"                                                                                "
"                                                                                "
"                                                                                "
"                                                                                "
"                                                                                "
"                                                                                "
"                                                                                "
"analytics · qwen                                                      ? for help"
"╭ saya ────────────────────────────────────────────────────────────────────────╮"
"│Ask about your data, or type / for commands                                   │"
"╰ Enter sends ─────────────────────────────────────────────────────────────────╯"
