---
source: crates/saya-cli/src/interactive/tui/run_panel_snapshot_tests.rs
assertion_line: 174
expression: buffer
---
"❯ count the orders                                                                                  "
"◆ The orders table holds 128 rows in catalog.public.orders.                                         "
"                                                                                                    "
"                                                                                                    "
"                                                                                                    "
"                                                                                                    "
"                                                                                                    "
"                                                                                                    "
"                                                                                                    "
"                                                                                                    "
"                                                                                                    "
"                                                                                                    "
"                                                                                                    "
"                                                                                                    "
"                                                                                                    "
"                                                                                                    "
"╭ run r-snap-2 · audit the ledger ─────────────────────────────────────────────────────────────────╮"
"│✓ 1. pull the ledger 8s                                                                           │"
"│✗ 2. reconcile the totals 4s                                                                      │"
"│                                                                                                  │"
"│run paused · a step kept failing past the bounded retries · Esc closes                            │"
"│◆ The totals did not reconcile; the step kept failing.                                            │"
"│                                                                                                  │"
"│                                                                                                  │"
"│                                                                                                  │"
"╰──────────────────────────────────────────────────────────────────────────────────────────────────╯"
" [analytics] ollama/qwen approval:read-only ws:/home/user/proj host:off sharing:on  ·  ? for help   "
"╭ saya ────────────────────────────────────────────────────────────────────────────────────────────╮"
"│Ask about your data, or type / for commands                                                       │"
"╰──────────────────────────────────────────────────────────────────────────────────────────────────╯"
