---
source: crates/saya-cli/src/interactive/tui/ui/surface/empty_state_tests.rs
expression: buffer
---
"                                                                                "
"                                                                                "
"                                                                                "
"                                                                                "
"                                   ▄▄       ▄▄                                  "
"                                   ███████████                                  "
"                                 ███████████████                                "
"                                 ███ ▐ ███ ▌ ███                                "
"                                 ███████▼███████                                "
"                                  █████████████                                 "
"                                    █████████                                   "
"                                     ▀▀   ▀▀                                    "
"                                                                                "
"                                     ◆ saya                                     "
"                      Ask your databases in plain language.                     "
"                                                                                "
"                                 databases  demo                                "
"                                                                                "
"         Each request becomes a chapter — activity, answer, and results.        "
"                                                                                "
"                                   try asking                                   "
"           What are the most common channel values in customer_contacts?        "
"               How does amount_cents change by order_date in orders?            "
"                                                                                "
"               / commands     @ tables     ? help     Ctrl+C quit               "
"                                                                                "
"                                                                                "
"                                                                                "
"                                                                                "
"                                                                                "
